<html>
<body>
<pre>
<h1>µVision Build Log</h1>
<h2>Project:</h2>
C:\Users\OAkun\Desktop\PersonalProject\AssemblyLEDS\AssemblyLEDS.uvproj
Project File Date:  11/25/2020

<h2>Output:</h2>
Rebuild target 'Target 1'
assembling Switch.s...
assembling SwitchTestMain.s...
assembling Startup.s...
linking...
Program Size: Code=1124 RO-data=0 RW-data=0 ZI-data=1024  
".\AssemblyLEDS.axf" - 0 Error(s), 0 Warning(s).
Load "C:\\Users\\OAkun\\Desktop\\PersonalProject\\AssemblyLEDS\\AssemblyLEDS.axf" 
Connecting: Mode=JTAG, Speed=1000000Hz
Erase Done.
Programming Done.
Verify OK.
</pre>
</body>
</html>
